
> synergy-v15-5-evidence@15.5.0 augment
> python scripts/augment_fork_report.py

{
  "scenario": "v15_5_polygon_mainnet_protocol_fork_expected_revert",
  "evidenceClass": "REAL_PROTOCOL_FORK_ATOMIC_ROLLBACK_NOT_MAINNET_BROADCAST",
  "chainId": 137,
  "aavePool": "0x794a61358D6845594F94dc1DB02A252b5b4814aD",
  "wpol": "0x0d500B1d8E8eF31E21C99d1Db9A6444d3ADf1270",
  "quickSwapRouter": "0xa5E0829CaCEd8fFDD4De3c43696c57F7D7A678ff",
  "quickSwapFactory": "0x5757371414417b8C6CAad45bAeF941aBc7d3Ab32",
  "experiment": "0xB31b2E2ED6cf8B6885851481dc108B7F6c57D18d",
  "pairA": "0x1C21217276B71E9235fB39cEa42B478F79c09811",
  "pairB": "0x812281ca17e2a0D94e5885c4381cc87f333133B4",
  "seedPol": "0.2",
  "flashPrincipalWpol": "100",
  "expectedOutcome": "ATOMIC_REVERT_REPAYMENT_OR_NET_EDGE",
  "actualOutcome": "ATOMIC_REVERT",
  "poolsRestoredExactly": true,
  "aaveLiquidityRestoredExactly": true,
  "experimentTokenSupplyRestoredExactly": true,
  "countedRevenueWpol": "0",
  "reinvestedWpol": "0",
  "interpretation": "The real Aave/QuickSwap fork rejects a closed internal-only cycle because ADDLP, reversible swaps, mint and burn do not create external WPOL surplus. All protocol state rolls back.",
  "verdict": "PASS",
  "validationMode": "FAIL_CLOSED_EXACT_SOURCE_COMPILE_PLUS_PINNED_ARCHIVE_FORK",
  "pinnedForkBlock": 90000000,
  "pinnedForkBlockHash": "0xb179e0aca3a467061947d4d7e699926aa3109da807e6bc2e2546113d55f66f1f",
  "archiveRpcHost": "polygon.drpc.org",
  "sourceGitBlobSha": "ad85d886f2797b030a89d2aa0b15f4a5c1446939",
  "sourceSha256": "db91b560ad3cce8851f9c7f044f365cfd878ffc48c2522b3332515da3cdad825",
  "solcVersion": "0.8.26+commit.8a97fa7a.Emscripten.clang",
  "mainBytecodeSha256": "525b062d2fbc441210ed7d091e10152f1f7b0961ce53c185b48bd63e9cd655cc",
  "mainDeployedBytecodeSha256": "e50f3ccd64581ca91cb5adb597be4a44e9c43c23f1ad62c8f43047d5114676ef",
  "compilerManifestSha256": "1945230e07671f9b56b62245e035fc47020094b6bfbf8a42c3da0cf992b75a2b",
  "rpcPreflightSha256": "ebda16e771ac192751de8f8b6e47f42b93a65c2ee91069f6950cb04822422a92",
  "checks": {
    "compilerArtifactPass": true,
    "archiveRpcPass": true,
    "actualForkRevert": true,
    "poolsRestoredExactly": true,
    "aaveLiquidityRestoredExactly": true,
    "tokenSupplyRestoredExactly": true,
    "zeroCountedRevenue": true,
    "zeroReinvestment": true
  },
  "pngSha256": "6c26e9ed574c46f04f2933fbad06fb65c27e5e6d396556affcb9f0119eb9c487",
  "jsonSha256BeforePngField": "d42bf0c2e3fc6e5f233bc90e0873521b5ea58983aab353f6b2b375e96300d4f9"
}
